
> ts-synthnode@0.0.1 test /Users/ivanrossi/Desktop/ts-synthnode
> mocha -r ts-node/register test/**/*.spec.ts



  oscillators
    1) test oscillator properties
    ✓ test oscillator modif

  noise
    ✓ test noise properties


  2 passing (15ms)
  1 failing

  1) oscillators
       test oscillator properties:

      AssertionError: expected { Object (frequency, amplitude, ...) } to have property 'frequency' of 10, but got 1
      + expected - actual

      -1
      +10
      
      at Context.<anonymous> (test/oscillator.spec.ts:8:25)



